2026-03-24T23:14:37.801594Z  INFO Loaded middleware: block-admin-endpoints (./policies/middlewares/example-block-admin.yaml)
2026-03-24T23:14:37.802759Z  INFO CA certificate loaded from /Users/armend/.config/aegis/ca.pem
2026-03-24T23:14:38.003089Z  INFO Aegis proxy listening on 127.0.0.1:19000 (MITM enabled)
2026-03-24T23:14:38.003214Z  INFO Aegis guard listening on 127.0.0.1:19001
2026-03-24T23:14:38.003245Z  INFO Serving web UI from ./web
2026-03-24T23:14:38.003281Z  INFO Aegis web UI listening on http://127.0.0.1:19002
2026-03-24T23:14:48.781555Z  INFO [ALLOWED] GET http://localhost:8888/api/health
2026-03-24T23:14:48.781579Z  INFO [ALLOWED] GET http://localhost:8888/api/users
2026-03-24T23:14:48.781555Z  INFO [ALLOWED] GET http://localhost:8888/api/products
2026-03-24T23:14:54.304579Z  WARN [BLOCKED] DELETE http://localhost:8888/api/users/1 -> HTTP method DELETE is blocked by policy (builtin:http)
2026-03-24T23:14:54.305958Z  WARN [BLOCKED] POST http://localhost:8888/api/query -> Destructive SQL detected: TRUNCATE statement (builtin:sql)
2026-03-24T23:14:54.305986Z  WARN [BLOCKED] POST http://localhost:8888/api/search -> Destructive SQL detected: DROP statement (builtin:sql)
2026-03-24T23:15:01.411312Z  INFO [ALLOWED] POST http://localhost:8888/api/search
2026-03-24T23:15:01.411322Z  INFO [ALLOWED] POST http://localhost:8888/api/login
2026-03-24T23:15:01.411586Z  WARN [BLOCKED] POST http://localhost:8888/api/query -> Destructive SQL detected: DELETE statement (builtin:sql)
2026-03-24T23:15:01.411637Z  WARN [BLOCKED] PUT http://localhost:8888/api/admin -> Destructive SQL detected: ALTER TABLE statement (builtin:sql)
2026-03-24T23:15:06.284618Z  INFO [ALLOWED] GET http://localhost:8888/api/users?page=3
2026-03-24T23:15:06.284648Z  INFO [ALLOWED] GET http://localhost:8888/api/users?page=4
2026-03-24T23:15:06.284743Z  INFO [ALLOWED] GET http://localhost:8888/api/users?page=5
2026-03-24T23:15:06.284774Z  INFO [ALLOWED] GET http://localhost:8888/api/users?page=1
2026-03-24T23:15:06.284826Z  INFO [ALLOWED] GET http://localhost:8888/api/users?page=2
2026-03-24T23:22:08.058408Z  INFO TUI closed. Shutting down Aegis.
